// Jest Snapshot v1, https://goo.gl/fbAQLP

exports[`render App - root component 1`] = `
<input
  placeholder="input value..."
  type="text"
/>
`;
